<html>
<body>
<pre>
<h1>µVision Build Log</h1>
<h2>Tool Versions:</h2>
IDE-Version: ¦ÌVision V5.18a
Copyright (C) 2016 ARM Ltd and ARM Germany GmbH. All rights reserved.
License Information: g g, g, LIC=----
 
Tool Versions:
Toolchain:       MDK-Lite  Version: 5.18a
Toolchain Path:  C:\MySoftware\Keil_MDK\Keil5\ARM\ARMCC\Bin
C Compiler:      Armcc.exe V5.06 update 1 (build 61)
Assembler:       Armasm.exe V5.06 update 1 (build 61)
Linker/Locator:  ArmLink.exe V5.06 update 1 (build 61)
Library Manager: ArmAr.exe V5.06 update 1 (build 61)
Hex Converter:   FromElf.exe V5.06 update 1 (build 61)
CPU DLL:         SARMCM3.DLL V5.18a
Dialog DLL:      DCM.DLL V1.13.6.0
Target DLL:      STLink\ST-LINKIII-KEIL_SWO.dll V2.0.18.0
Dialog DLL:      TCM.DLL V1.14.8.0
 
<h2>Project:</h2>
C:\Users\Jianghao Huo\Desktop\testSTM32\f4_usart\MDK-ARM\f4_usart.uvprojx
Project File Date:  07/14/2016

<h2>Output:</h2>
*** Using Compiler 'V5.06 update 1 (build 61)', folder: 'C:\MySoftware\Keil_MDK\Keil5\ARM\ARMCC\Bin'
Build target 'f4_usart'
compiling main.c...
../Src/main.c(93): warning:  #177-D: variable "fuck" was declared but never referenced
  	char *fuck = "fuck-test \r\n";
../Src/main.c(94): warning:  #177-D: variable "state" was declared but never referenced
  	GPIO_PinState state;
../Src/main.c: 2 warnings, 0 errors
linking...
Program Size: Code=4916 RO-data=440 RW-data=8 ZI-data=1088  
"f4_usart\f4_usart.axf" - 0 Error(s), 2 Warning(s).

<h2>Software Packages used:</h2>

Package Vendor: ARM
                http://www.keil.com/pack/ARM.CMSIS.4.5.0.pack
                ARM::CMSIS:CORE:4.3.0
                CMSIS (Cortex Microcontroller Software Interface Standard)
   * Component: CORE Version: 4.3.0

<h2>Collection of Component include folders:</h2>
  C:\Users\Jianghao Huo\Desktop\testSTM32\f4_usart\MDK-ARM\RTE
  C:\MySoftware\Keil_MDK\Keil5\ARM\PACK\ARM\CMSIS\4.5.0\CMSIS\Include
  C:\MySoftware\Keil_MDK\Keil5\ARM\PACK\Keil\STM32F4xx_DFP\2.8.0\Drivers\CMSIS\Device\ST\STM32F4xx\Include

<h2>Collection of Component Files used:</h2>

   * Component: ARM::CMSIS:CORE:4.3.0
Build Time Elapsed:  00:00:01
</pre>
</body>
</html>
